// Jest Snapshot v1, https://goo.gl/fbAQLP

exports[`create goes throw all steps 1`] = `
Object {
  "name": "random-name",
  "path": "/path/to/project",
}
`;

exports[`create goes throw all steps 2`] = `
Array [
  Array [
    Object {
      "name": "random-name",
      "path": "/path/to/project",
    },
  ],
]
`;

exports[`create goes throw all steps 3`] = `
Array [
  Array [
    Object {
      "name": "random-name",
      "path": "/path/to/project",
    },
  ],
]
`;

exports[`create goes throw all steps 4`] = `
Array [
  Array [
    "js",
    Object {
      "name": "random-name",
      "path": "/path/to/project",
    },
  ],
]
`;

exports[`create goes throw all steps 5`] = `
Array [
  Array [
    Object {
      "name": "random-name",
      "path": "/path/to/project",
    },
  ],
]
`;

exports[`create goes throw all steps 6`] = `
Array [
  Array [
    Object {
      "name": "random-name",
      "path": "/path/to/project",
    },
  ],
]
`;

exports[`create uses the emitter passed to log messages 1`] = `Array []`;

exports[`create uses the emitter passed to log the errors 1`] = `Array []`;
